14:34:40 **** Build of configuration Debug for project stm32_f407g_drivers ****
make -j8 all 
arm-none-eabi-gcc "../drivers/Src/stm32_f407g_gpio_driver.c" -mcpu=cortex-m4 -std=gnu11 -g3 -DDEBUG -DSTM32 -DSTM32F4 -DSTM32F407VGTx -c -I../Inc -I"D:/Final_yr_project/stm32_f407g_drivers (1)/stm32_f407g_drivers/drivers/Inc" -O0 -ffunction-sections -fdata-sections -Wall -fstack-usage -fcyclomatic-complexity -MMD -MP -MF"drivers/Src/stm32_f407g_gpio_driver.d" -MT"drivers/Src/stm32_f407g_gpio_driver.o" --specs=nano.specs -mfpu=fpv4-sp-d16 -mfloat-abi=hard -mthumb -o "drivers/Src/stm32_f407g_gpio_driver.o"
arm-none-eabi-gcc "../drivers/Src/stm32_f407g_spi_drivers.c" -mcpu=cortex-m4 -std=gnu11 -g3 -DDEBUG -DSTM32 -DSTM32F4 -DSTM32F407VGTx -c -I../Inc -I"D:/Final_yr_project/stm32_f407g_drivers (1)/stm32_f407g_drivers/drivers/Inc" -O0 -ffunction-sections -fdata-sections -Wall -fstack-usage -fcyclomatic-complexity -MMD -MP -MF"drivers/Src/stm32_f407g_spi_drivers.d" -MT"drivers/Src/stm32_f407g_spi_drivers.o" --specs=nano.specs -mfpu=fpv4-sp-d16 -mfloat-abi=hard -mthumb -o "drivers/Src/stm32_f407g_spi_drivers.o"
arm-none-eabi-gcc -mcpu=cortex-m4 -g3 -DDEBUG -c -x assembler-with-cpp -MMD -MP -MF"Startup/startup_stm32f407vgtx.d" -MT"Startup/startup_stm32f407vgtx.o" --specs=nano.specs -mfpu=fpv4-sp-d16 -mfloat-abi=hard -mthumb -o "Startup/startup_stm32f407vgtx.o" "../Startup/startup_stm32f407vgtx.s"
arm-none-eabi-gcc "../Src/001led_toggle.c" -mcpu=cortex-m4 -std=gnu11 -g3 -DDEBUG -DSTM32 -DSTM32F4 -DSTM32F407VGTx -c -I../Inc -I"D:/Final_yr_project/stm32_f407g_drivers (1)/stm32_f407g_drivers/drivers/Inc" -O0 -ffunction-sections -fdata-sections -Wall -fstack-usage -fcyclomatic-complexity -MMD -MP -MF"Src/001led_toggle.d" -MT"Src/001led_toggle.o" --specs=nano.specs -mfpu=fpv4-sp-d16 -mfloat-abi=hard -mthumb -o "Src/001led_toggle.o"
arm-none-eabi-gcc "../Src/syscalls.c" -mcpu=cortex-m4 -std=gnu11 -g3 -DDEBUG -DSTM32 -DSTM32F4 -DSTM32F407VGTx -c -I../Inc -I"D:/Final_yr_project/stm32_f407g_drivers (1)/stm32_f407g_drivers/drivers/Inc" -O0 -ffunction-sections -fdata-sections -Wall -fstack-usage -fcyclomatic-complexity -MMD -MP -MF"Src/syscalls.d" -MT"Src/syscalls.o" --specs=nano.specs -mfpu=fpv4-sp-d16 -mfloat-abi=hard -mthumb -o "Src/syscalls.o"
arm-none-eabi-gcc "../Src/sysmem.c" -mcpu=cortex-m4 -std=gnu11 -g3 -DDEBUG -DSTM32 -DSTM32F4 -DSTM32F407VGTx -c -I../Inc -I"D:/Final_yr_project/stm32_f407g_drivers (1)/stm32_f407g_drivers/drivers/Inc" -O0 -ffunction-sections -fdata-sections -Wall -fstack-usage -fcyclomatic-complexity -MMD -MP -MF"Src/sysmem.d" -MT"Src/sysmem.o" --specs=nano.specs -mfpu=fpv4-sp-d16 -mfloat-abi=hard -mthumb -o "Src/sysmem.o"
arm-none-eabi-gcc -o "stm32_f407g_drivers.elf" @"objects.list"   -mcpu=cortex-m4 -T"D:\Final_yr_project\stm32_f407g_drivers (1)\stm32_f407g_drivers\STM32F407VGTX_FLASH.ld" --specs=nosys.specs -Wl,-Map="stm32_f407g_drivers.map" -Wl,--gc-sections -static --specs=nano.specs -mfpu=fpv4-sp-d16 -mfloat-abi=hard -mthumb -Wl,--start-group -lc -lm -Wl,--end-group
Finished building target: stm32_f407g_drivers.elf
 
arm-none-eabi-size  stm32_f407g_drivers.elf 
arm-none-eabi-objdump -h -S stm32_f407g_drivers.elf  > "stm32_f407g_drivers.list"
   text	   data	    bss	    dec	    hex	filename
   2132	      0	   1568	   3700	    e74	stm32_f407g_drivers.elf
Finished building: default.size.stdout
 
Finished building: stm32_f407g_drivers.list
 

14:34:43 Build Finished. 0 errors, 0 warnings. (took 3s.538ms)

